// Jest Snapshot v1, https://goo.gl/fbAQLP

exports[`should render the PadItem component 1`] = `
<body>
  <div>
    <div>
      PadItem title
      <audio
        controls=""
      />
    </div>
  </div>
</body>
`;
